day: 1, part: 1
loading data from 'data/day1/input1.txt'
Solution: 55447
